AREA .  .ABS.
	RADIX HEX
	BASE 0000
	SIZE 0000
	ATTRIB ABS OVR
	GLOBALS
		l__HEAP	0000
		l__BSEG	0000
		l_.  .ABS.	0000
		l__GSFINAL	0000
		l__ISEG	0000
		s_.  .ABS.	0000
		s__HEADER	0000
		l__XSEG	0000
		.init	0000
		l__OVERLAY	0000
		l__LIT	0000
		l__GSINITTAIL	0001
		l__BSS	005E
		l__CODE_5	0062
		l__HEADER	01E1
		s__CODE	0200
		l__BASE	0230
		l__HOME	0312
		l__DATA	04E9
		l__CODE_1	0671
		l__GSINIT	06E4
		l__CODE	201C
		s__HOME	221C
		s__BASE	252E
		s__LIT	275E
		s__GSINIT	275E
		l__CODE_3	29BC
		l__CODE_6	2DD4
		s__GSINITTAIL	2E42
		s__GSFINAL	2E43
		l__CODE_4	30A6
		s__CODE_1	4000
		s__CODE_3	4000
		s__CODE_4	4000
		s__CODE_5	4000
		s__CODE_6	4000
		.OAM	C000
		s__DATA	C0A0
		s__BSS	C589
		s__HEAP	C5E7
		s__BSEG	C5E7
		s__ISEG	C5E7
		s__XSEG	C5E7
		s__OVERLAY	C5E7
		.STACK	E000
		.refresh_OAM	FF80
AREA _CODE
	RADIX HEX
	BASE 0200
	SIZE 201C
	ATTRIB REL CON
	GLOBALS
		_SetBankedBkgData	0200
		_SetBankedBkgTiles	0272
		_SetBankedWinTiles	029C
		_SetBankedSpriteData	02C6
		_ReadBankedUBYTE	02E8
		_ReadBankedUBYTEArray	0301
		_ReadBankedUWORD	0337
		_StrCpyBanked	0382
		_ReadBankedBankPtr	03B4
		_PushBank	03EE
		_PopBank	046C
		_ApplyPaletteChange	04AB
		_FadeInit	0622
		_FadeIn	062B
		_FadeOut	0649
		_FadeUpdate	0667
		_FadeSetSpeed	06C8
		_IsFading	06D9
		_ClampUBYTE	06DE
		_MusicPlay	06FA
		_MusicStop	07C0
		_SceneInit	07D6
		_SceneUpdate	08F0
		_SceneSetEmote	0902
		_SceneIsEmoting	091F
		_SceneCameraAtDest	0936
		_SceneAwaitInputPressed	094D
		_SceneRenderActor	0964
		_ScriptStart	097D
		_ScriptRunnerUpdate	0A3D
		_ScriptLastFnComplete	0B63
		_SpritesReset	0D43
		_StackPush	0D6E
		_StackPop	0D8D
		_UIInit	0DAC
		_ui_cursor_tiles	0E0E
		_ui_bg_tiles	0E0F
		_UIUpdate	0E10
		_UIDrawFrame	0E22
		_UIDrawDialogueFrame	0E47
		_UIDrawText	0E60
		_UIDrawTextBkg	0EC1
		_UIShowText	0F22
		_UIShowAvatar	1345
		_UIShowChoice	14DC
		_UIShowMenu	14F2
		_UISetTextBuffer	1542
		_UIDrawTextBuffer	1578
		_UIDrawTextBufferChar	158C
		_UISetPos	1853
		_UIMoveTo	186A
		_UIIsClosed	1897
		_UIDrawMenuCursor	18C2
		_UICloseDialogue	194C
		_UIOnInteract	1992
		_UIAtDest	1B69
		_UISetColor	1B96
		_vbl_update	1BB0
		_main	1C11
		_game_loop	1D2E
		gbt_get_pattern_ptr	1DEA
		_gbt_play	1E07
		_gbt_pause	1EC2
		_gbt_loop	1ECE
		_gbt_stop	1ED5
		_gbt_enable_channels	1EE0
		_gbt_update	1EE7
		_rand	1FEC
		_randw	1FEC
		_set_bkg_palette_entry	2017
		_set_sprite_palette_entry	203F
		_cpu_slow	2067
		_cpu_fast	2082
		_cgb_compatibility	2089
		__mulschar_rrx_s	20D2
		__mulschar_rrx_hds	20D9
		__muluchar_rrx_s	20E5
		__mulsint_rrx_s	20F2
		__muluint_rrx_s	20F2
		__mulsint_rrx_hds	20FE
		__muluint_rrx_hds	20FE
		__muluchar_rrx_hds	20FE
		__divschar_rrx_s	211A
		__divschar_rrx_hds	2121
		__modschar_rrx_s	2128
		__modschar_rrx_hds	212F
		__divsint_rrx_s	2134
		__divsint_rrx_hds	2140
		__modsint_rrx_s	2148
		__modsint_rrx_hds	2154
		__divuchar_rrx_s	215A
		__divuchar_rrx_hds	2161
		__moduchar_rrx_s	2168
		__moduchar_rrx_hds	216F
		__divuint_rrx_s	2174
		__divuint_rrx_hds	2180
		__moduint_rrx_s	2188
		__moduint_rrx_hds	2194
		.mod8	219A
		.div8	219A
		.mod16	21A2
		.div16	21A2
		.modu8	21DC
		.divu8	21DC
		.modu16	21DF
		.divu16	21DF
AREA _HEADER
	RADIX HEX
	BASE 0000
	SIZE 01E1
	ATTRIB ABS OVR
	GLOBALS
		_exit	01D2
AREA _HOME
	RADIX HEX
	BASE 221C
	SIZE 0312
	ATTRIB REL CON
	GLOBALS
		.set_mode	221C
		.remove_VBL	222C
		.remove_LCD	2232
		.remove_TIM	2238
		.remove_SIO	223E
		.remove_JOY	2244
		.add_VBL	224A
		.add_LCD	2250
		.add_TIM	2256
		.add_SIO	225C
		.add_JOY	2262
		.remove_int	2268
		.add_int	2288
		.wait_vbl_done	22A4
		_wait_vbl_done	22A4
		_display_off	22BB
		.display_off	22BB
		.serial_IO	22DC
		_mode	230B
		_get_mode	2314
		_enable_interrupts	2319
		_disable_interrupts	231B
		_reset	231D
		.reset	231D
		_set_interrupts	2323
		_remove_VBL	232E
		_remove_LCD	2339
		_remove_TIM	2344
		_remove_SIO	234F
		_remove_JOY	235A
		_add_VBL	2365
		_add_LCD	2370
		_add_TIM	237B
		_add_SIO	2386
		_add_JOY	2391
		_clock	239C
		__printTStates	23A5
		banked_call	23A6
		banked_ret	23BF
		__initrleblock	23C8
		_strcpy	23EF
		_memcpy	2422
		_strcmp	2467
		_strcat	24BF
		_strlen	2508
AREA _BASE
	RADIX HEX
	BASE 252E
	SIZE 0230
	ATTRIB REL CON
	GLOBALS
		.set_sprite_prop	252E
		_set_sprite_prop	253B
		_initrand	2546
		.initrand	2548
		.mv_sprite	2551
		_move_sprite	2560
		_set_bkg_palette	256D
		_set_sprite_palette	2598
		_set_win_tiles	25C3
		_set_win_data	25D7
		_set_bkg_data	25D7
		_set_sprite_data	2624
		.padup	2653
		_waitpadup	2653
		.jpad	2663
		.wait_pad	2690
		_joypad	2697
		_waitpad	269C
		.set_sprite_tile	26A6
		_set_sprite_tile	26B3
		.copy_vram	26BE
		_get_data	26CD
		_set_data	26CD
		_set_bkg_tiles	26E0
		.set_xy_wtt	26F4
		.set_xy_btt	2705
		.set_xy_tt	2714
		_set_tiles	2745
AREA _LIT
	RADIX HEX
	BASE 275E
	SIZE 0000
	ATTRIB REL CON
AREA _GSINIT
	RADIX HEX
	BASE 275E
	SIZE 06E4
	ATTRIB REL CON
	GLOBALS
		gsinit	275E
AREA _GSINITTAIL
	RADIX HEX
	BASE 2E42
	SIZE 0001
	ATTRIB REL CON
AREA _GSFINAL
	RADIX HEX
	BASE 2E43
	SIZE 0000
	ATTRIB REL CON
AREA _DATA
	RADIX HEX
	BASE C0A0
	SIZE 04E9
	ATTRIB REL CON
	GLOBALS
		_bank_stack	C0A0
		_fade_running	C0AB
		_current_index	C0B2
		_map_next_pos	C0B3
		_map_next_dir	C0B5
		_map_next_sprite	C0B7
		_actors	C0B8
		_triggers	C1B5
		_scene_index	C20F
		_scene_next_index	C211
		_await_input	C213
		_camera_dest	C214
		_camera_settings	C216
		_camera_speed	C217
		_wait_time	C218
		_shake_time	C219
		_scene_width	C21A
		_scene_height	C21B
		_input_script_ptrs	C21C
		_timer_script_duration	C234
		_timer_script_time	C235
		_timer_script_ptr	C236
		_scroll_x	C239
		_scroll_y	C23A
		_scene_bank	C23B
		_image_index	C23C
		_tileset_index	C23E
		_scene_load_col_ptr	C23F
		_collision_tiles_len	C241
		_col_bank	C242
		_events_ptr	C243
		_bank_ptr	C246
		_check_triggers	C249
		_scene_loaded	C24A
		_scene_input_ready	C24B
		_scene_num_actors	C24C
		_scene_num_triggers	C24D
		_emote_type	C24E
		_emote_timer	C24F
		_emote_actor	C250
		_scene_col_tiles	C251
		_camera_moved	C2D1
		_directions	C2D2
		_update_dir	C2DC
		_last_joy	C2DE
		_ptr_div_reg	C2DF
		_script_ptr_bank	C2E1
		_script_ptr	C2E2
		_script_ptr_x	C2E4
		_script_ptr_y	C2E6
		_script_start_ptr	C2E8
		_script_cmd_args	C2EA
		_script_cmd_args_len	C2F0
		_last_fn	C2F1
		_script_stack_ptr	C2F3
		_script_stack	C2F4
		_script_bank_stack	C304
		_script_start_stack	C30C
		_script_cmds	C31C
		_scriptrunner_bank	C436
		_RAMPtr	C437
		_win_pos_x	C439
		_win_pos_y	C43A
		_win_dest_pos_x	C43B
		_win_dest_pos_y	C43C
		_win_speed	C43D
		_text_x	C43E
		_text_y	C43F
		_text_drawn	C440
		_text_count	C441
		_text_tile_count	C442
		_text_wait	C443
		_text_in_speed	C444
		_text_out_speed	C445
		_text_draw_speed	C446
		_tmp_text_in_speed	C447
		_tmp_text_out_speed	C448
		_tmp_text_draw_speed	C449
		_text_num_lines	C44A
		_avatar_enabled	C44B
		_menu_enabled	C44C
		_menu_index	C44D
		_menu_flag	C44E
		_menu_num_options	C450
		_menu_cancel_on_last_option	C451
		_menu_cancel_on_b	C452
		_menu_layout	C453
		_text_lines	C454
		_tmp_text_lines	C4A4
		_ui_bank	C4F4
		_joy	C4F5
		_prev_joy	C4F6
		_time	C4F7
		_rand_seed	C4F8
		_actor_move_settings	C4FA
		_actor_move_dest	C4FB
		_stage_type	C4FD
		_stage_next_type	C4FE
		_script_continue	C4FF
		_script_action_complete	C500
		_script_actor	C501
		_scene_stack_ptr	C502
		_scene_stack	C503
		gbt_playing	C533
		gbt_song	C534
		gbt_bank	C536
		gbt_speed	C537
		gbt_temp_play_data	C538
		gbt_loop_enabled	C544
		gbt_ticks_elapsed	C545
		gbt_current_step	C546
		gbt_current_pattern	C547
		gbt_current_step_data_ptr	C548
		gbt_channels_enabled	C54A
		gbt_pan	C54B
		gbt_vol	C54F
		gbt_instr	C553
		gbt_freq	C557
		gbt_channel3_loaded_instrument	C55D
		gbt_arpeggio_freq_index	C55E
		gbt_arpeggio_enabled	C567
		gbt_arpeggio_tick	C56A
		gbt_cut_note_tick	C56D
		gbt_have_to_stop_next_step	C571
		gbt_update_pattern_pointers	C572
		_bank_data_ptrs	C573
		_music_tracks	C581
		_script_variables	C585
AREA _BSS
	RADIX HEX
	BASE C589
	SIZE 005E
	ATTRIB REL CON
	GLOBALS
		__cpu	C589
		.mode	C58A
		__io_out	C58B
		__io_in	C58C
		__io_status	C58D
		.vbl_done	C58E
		__current_bank	C58F
		_sys_time	C590
		.sys_time	C590
		.int_0x40	C592
		.int_0x48	C5A2
		.int_0x50	C5B2
		.int_0x58	C5C2
		.int_0x60	C5D2
		.randhi	C5E2
		.randlo	C5E3
AREA _HEAP
	RADIX HEX
	BASE C5E7
	SIZE 0000
	ATTRIB REL CON
	GLOBALS
		_malloc_heap_start	C5E7
AREA _OVERLAY
	RADIX HEX
	BASE C5E7
	SIZE 0000
	ATTRIB REL CON
AREA _ISEG
	RADIX HEX
	BASE C5E7
	SIZE 0000
	ATTRIB REL CON
AREA _BSEG
	RADIX HEX
	BASE C5E7
	SIZE 0000
	ATTRIB REL CON
AREA _XSEG
	RADIX HEX
	BASE C5E7
	SIZE 0000
	ATTRIB REL CON
AREA _CODE_3
	RADIX HEX
	BASE 4000
	SIZE 29BC
	ATTRIB REL CON
	GLOBALS
		_SceneInit_b1	4000
		_emote_offsets	407A
		_dir_up	40B2
		_dir_down	40B4
		_dir_left	40B6
		_dir_right	40B8
		_dir_none	40BA
		_SceneInit_b2	40BC
		_SceneInit_b3	4A3D
		_SceneInit_b4	4A87
		_SceneInit_b5	4AA3
		_SceneInit_b6	4C08
		_SceneInit_b7	4D2B
		_SceneInit_b8	4DFC
		_SceneInit_b9	4E4A
		_SceneUpdate_b	4FDF
		_SceneHandleWait	5004
		_SceneHandleTransition	5020
		_SceneUpdateCamera_b	504E
		_SceneUpdateActors_b	519E
		_SceneUpdateActorMovement_b	5AA2
		_SceneUpdateTimer_b	5DB1
		_SceneHandleTriggers_b	5E47
		_SceneUpdateCameraShake_b	5EFC
		_SceneUpdateEmoteBubble_b	5F18
		_SceneRender	6245
		_SceneRenderCameraShake_b	624F
		_SceneRenderActors_b	6265
		_SceneRenderActor_b	6419
		_SceneRenderEmoteBubble_b	65D8
		_ScenePlayerAt_b	6680
		_SceneNpcAt_b	66E8
		_SceneTriggerAt_b	67EB
		_SceneSetEmote_b	6895
		_SceneIsEmoting_b	690C
		_SceneCameraAtDest_b	6918
		_SceneAwaitInputPressed_b	695A
AREA _CODE_4
	RADIX HEX
	BASE 4000
	SIZE 30A6
	ATTRIB REL CON
	GLOBALS
		_Script_Noop_b	4000
		_Script_End_b	4061
		_Script_Text_b	406F
		_Script_Goto_b	40B6
		_Script_IfFlag_b	40F6
		_Script_IfValue_b	417B
		_Script_SetFlag_b	42D8
		_Script_ClearFlag_b	4322
		_Script_ActorSetDir_b	436C
		_Script_ActorActivate_b	4427
		_Script_CameraMoveTo_b	4445
		_Script_CameraLock_b	44A7
		_Script_Wait_b	4553
		_Script_FadeOut_b	4571
		_Script_FadeIn_b	4596
		_Script_LoadScene_b	45BB
		_Script_ActorSetPos_b	46D4
		_Script_ActorMoveTo_b	4762
		_Script_ShowSprites_b	47D4
		_Script_HideSprites_b	4804
		_Script_ActorShow_b	4834
		_Script_ActorHide_b	4867
		_Script_ActorSetCollisions_b	489A
		_Script_ActorSetEmote_b	48D4
		_Script_CameraShake_b	48FC
		_Script_ShowOverlay_b	491A
		_Script_HideOverlay_b	4972
		_Script_OverlaySetPos_b	4991
		_Script_OverlayMoveTo_b	49CE
		_Script_AwaitInput_b	4A24
		_Script_MusicPlay_b	4A42
		_Script_MusicStop_b	4A73
		_Script_ResetVariables_b	4A94
		_Script_NextFrame_b	4AD1
		_Script_IncFlag_b	4AE7
		_Script_DecFlag_b	4B45
		_Script_SetFlagValue_b	4BA1
		_Script_IfInput_b	4BF8
		_Script_Choice_b	4C59
		_Script_TextMenu_b	4CDE
		_Script_PlayerSetSprite_b	4DA1
		_Script_ActorPush_b	4F2F
		_Script_IfActorPos_b	50BA
		_Script_SaveData_b	5188
		_Script_LoadData_b	5270
		_Script_ClearData_b	53A6
		_Script_IfSavedData_b	53D6
		_Script_IfActorDirection_b	5452
		_Script_SetFlagRandomValue_b	552E
		_Script_ActorGetPos_b	55BB
		_Script_ActorSetPosToVal_b	5659
		_Script_ActorMoveToVal_b	56F8
		_Script_ActorMoveRel_b	5776
		_Script_ActorSetPosRel_b	5928
		_Script_MathAdd_b	5A9D
		_Script_MathSub_b	5AFD
		_Script_MathMul_b	5B61
		_Script_MathDiv_b	5BD4
		_Script_MathMod_b	5C45
		_Script_MathAddVal_b	5CB6
		_Script_MathSubVal_b	5CF8
		_Script_MathMulVal_b	5D3E
		_Script_MathDivVal_b	5D93
		_Script_MathModVal_b	5DE6
		_Script_CopyVal_b	5E39
		_Script_IfValueCompare_b	5E76
		_Script_LoadVectors_b	5F94
		_Script_ActorSetMoveSpeed_b	6006
		_Script_ActorSetAnimSpeed_b	6040
		_Script_TextSetAnimSpeed_b	607A
		_Script_ActorInvoke_b	60A8
		_Script_StackPush_b	60CD
		_Script_StackPop_b	6134
		_Script_ScenePushState_b	617F
		_Script_ScenePopState_b	6255
		_Script_SceneResetStack_b	6357
		_Script_ScenePopAllState_b	6372
		_Script_SetInputScript_b	643B
		_Script_RemoveInputScript_b	64E6
		_Script_ActorSetFrame_b	6543
		_Script_ActorSetFrameToVal_b	65B9
		_Script_ActorSetFlip_b	6671
		_Script_TextMulti_b	66B9
		_Script_VariableAddFlags_b	6739
		_Script_VariableClearFlags_b	6799
		_Script_SoundStartTone_b	6801
		_Script_SoundStopTone_b	68A8
		_Script_SoundPlayBeep_b	68C4
		_Script_SoundPlayCrash_b	6924
		_Script_SetTimerScript_b	6978
		_Script_ResetTimer_b	69F7
		_Script_RemoveTimerScript_b	6A15
		_Script_TextWithAvatar_b	6A30
		_UIInit_b	6A83
		_ui_frame_tl_tiles	6B65
		_ui_frame_bl_tiles	6B66
		_ui_frame_tr_tiles	6B67
		_ui_frame_br_tiles	6B68
		_ui_frame_t_tiles	6B69
		_ui_frame_b_tiles	6B6A
		_ui_frame_l_tiles	6B6B
		_ui_frame_r_tiles	6B6C
		_ui_frame_bg_tiles	6B6D
		_ui_colors	6B6E
		_ui_white	6E3E
		_ui_black	6E4E
		_UIUpdate_b	6E5E
		_UIDrawFrame_b	6F2E
		_UIDrawDialogueFrame_b	704E
		_UISetColor_b	7061
AREA _CODE_1
	RADIX HEX
	BASE 4000
	SIZE 0671
	ATTRIB REL CON
	GLOBALS
		gbt_channel_1_handle	412C
		gbt_channel_2_handle	4283
		gbt_channel_3_handle	43D6
		gbt_channel_4_handle	4548
		gbt_update_bank1	4638
		gbt_update_effects_bank1	4654
AREA _CODE_6
	RADIX HEX
	BASE 4000
	SIZE 2DD4
	ATTRIB REL CON
	GLOBALS
		_bank_6_data	4000
AREA _CODE_5
	RADIX HEX
	BASE 4000
	SIZE 0062
	ATTRIB REL CON
	GLOBALS
		_tileset_bank_ptrs	4000
		_background_bank_ptrs	4006
		_sprite_bank_ptrs	4012
		_scene_bank_ptrs	401B
		_string_bank_ptrs	402D
		_avatar_bank_ptrs	405D
		_music_banks	4060
MODULES
	FILE C:\tmp/_gbs/gbdk/lib/small/asxxxx/gb/crt0.o
		NAME Runtime
	FILE obj/BankData.o
		NAME lcc63200
	FILE obj/BankManager.o
		NAME lcc86360
	FILE obj/FadeManager.o
		NAME lcc55960
	FILE obj/Math.o
		NAME lcc32640
	FILE obj/MusicManager.o
		NAME lcc96280
	FILE obj/Scene.o
		NAME lcc60160
	FILE obj/Scene_b.o
		NAME lcc61640
	FILE obj/ScriptRunner.o
		NAME lcc66640
	FILE obj/ScriptRunner_b.o
		NAME lcc81800
	FILE obj/SpriteHelpers.o
		NAME lcc69000
	FILE obj/Stack.o
		NAME lcc88760
	FILE obj/UI.o
		NAME lcc76600
	FILE obj/UI_b.o
		NAME lcc26040
	FILE obj/game.o
		NAME lcc8880
	FILE obj/gbt_player.o
	FILE obj/gbt_player_bank1.o
	FILE obj/data/bank_6.o
		NAME lcc100760
	FILE obj/data/data_ptrs.o
		NAME lcc86080
LIBRARIES
	LIBRARY C:\tmp/_gbs/gbdk/lib/small/asxxxx/gbz80/gbz80.lib
		MODULE crt0_rle.o
	LIBRARY C:\tmp/_gbs/gbdk/lib/small/asxxxx/gb/gb.lib
		MODULE set_prop.o
	LIBRARY C:\tmp/_gbs/gbdk/lib/small/asxxxx/gb/gb.lib
		MODULE rand.o
	LIBRARY C:\tmp/_gbs/gbdk/lib/small/asxxxx/gbz80/gbz80.lib
		MODULE string.o
	LIBRARY C:\tmp/_gbs/gbdk/lib/small/asxxxx/gb/gb.lib
		MODULE mv_spr.o
	LIBRARY C:\tmp/_gbs/gbdk/lib/small/asxxxx/gb/gb.lib
		MODULE cgb.o
	LIBRARY C:\tmp/_gbs/gbdk/lib/small/asxxxx/gb/gb.lib
		MODULE set_wi_t.o
	LIBRARY C:\tmp/_gbs/gbdk/lib/small/asxxxx/gbz80/gbz80.lib
		MODULE mul.o
	LIBRARY C:\tmp/_gbs/gbdk/lib/small/asxxxx/gb/gb.lib
		MODULE set_data.o
	LIBRARY C:\tmp/_gbs/gbdk/lib/small/asxxxx/gbz80/gbz80.lib
		MODULE div.o
	LIBRARY C:\tmp/_gbs/gbdk/lib/small/asxxxx/gb/gb.lib
		MODULE pad.o
	LIBRARY C:\tmp/_gbs/gbdk/lib/small/asxxxx/gb/gb.lib
		MODULE set_spr.o
	LIBRARY C:\tmp/_gbs/gbdk/lib/small/asxxxx/gbz80/gbz80.lib
		MODULE strcat.o
	LIBRARY C:\tmp/_gbs/gbdk/lib/small/asxxxx/gbz80/gbz80.lib
		MODULE strlen.o
	LIBRARY C:\tmp/_gbs/gbdk/lib/small/asxxxx/gb/gb.lib
		MODULE cpy_data.o
	LIBRARY C:\tmp/_gbs/gbdk/lib/small/asxxxx/gb/gb.lib
		MODULE set_bk_t.o
	LIBRARY C:\tmp/_gbs/gbdk/lib/small/asxxxx/gb/gb.lib
		MODULE set_xy_t.o
USERBASEDEF
	_CODE=0x0200
	_DATA=0xC0A0
	_CODE_1=0x4000
	_CODE_2=0x4000
	_CODE_3=0x4000
	_CODE_4=0x4000
	_CODE_5=0x4000
	_CODE_6=0x4000
	_CODE_7=0x4000
	_CODE_8=0x4000
	_CODE_9=0x4000
	_CODE_10=0x4000
	_CODE_11=0x4000
	_CODE_12=0x4000
	_CODE_13=0x4000
	_CODE_14=0x4000
	_CODE_15=0x4000
	_CODE_16=0x4000
	_CODE_17=0x4000
	_CODE_18=0x4000
	_CODE_19=0x4000
	_CODE_20=0x4000
	_CODE_21=0x4000
	_CODE_22=0x4000
	_CODE_23=0x4000
	_CODE_24=0x4000
	_CODE_25=0x4000
	_CODE_26=0x4000
	_CODE_27=0x4000
	_CODE_28=0x4000
	_CODE_29=0x4000
	_CODE_30=0x4000
	_CODE_31=0x4000
	_CODE_32=0x4000
	_CODE_33=0x4000
	_CODE_34=0x4000
	_CODE_35=0x4000
	_CODE_36=0x4000
	_CODE_37=0x4000
	_CODE_38=0x4000
	_CODE_39=0x4000
	_CODE_40=0x4000
	_CODE_41=0x4000
	_CODE_42=0x4000
	_CODE_43=0x4000
	_CODE_44=0x4000
	_CODE_45=0x4000
	_CODE_46=0x4000
	_CODE_47=0x4000
	_CODE_48=0x4000
	_CODE_49=0x4000
	_CODE_50=0x4000
	_CODE_51=0x4000
	_CODE_52=0x4000
	_CODE_53=0x4000
	_CODE_54=0x4000
	_CODE_55=0x4000
	_CODE_56=0x4000
	_CODE_57=0x4000
	_CODE_58=0x4000
	_CODE_59=0x4000
	_CODE_60=0x4000
	_CODE_61=0x4000
	_CODE_62=0x4000
	_CODE_63=0x4000
	_DATA_0=0xA000
	_DATA_1=0xA000
	_DATA_2=0xA000
	_DATA_3=0xA000
USERGLOBALDEF
	.OAM=0xC000
	.STACK=0xE000
	.refresh_OAM=0xFF80
	.init=0x0000
